\BOOKMARK [0][-]{chapter.1}{Introduction}{}% 1
\BOOKMARK [1][-]{section.1.1}{Conventions}{chapter.1}% 2
\BOOKMARK [0][-]{chapter.2}{Music\040Consumption\040Survey}{}% 3
\BOOKMARK [1][-]{section.2.1}{Methods}{chapter.2}% 4
\BOOKMARK [1][-]{section.2.2}{Results}{chapter.2}% 5
\BOOKMARK [2][-]{subsection.2.2.1}{Engagement}{section.2.2}% 6
\BOOKMARK [2][-]{subsection.2.2.2}{Listening\040Methods}{section.2.2}% 7
\BOOKMARK [2][-]{subsection.2.2.3}{Social\040Interactions}{section.2.2}% 8
\BOOKMARK [1][-]{section.2.3}{Summary}{chapter.2}% 9
\BOOKMARK [0][-]{chapter.3}{Existing\040Platforms}{}% 10
\BOOKMARK [1][-]{section.3.1}{Streaming\040Services}{chapter.3}% 11
\BOOKMARK [2][-]{subsection.3.1.1}{Spotify}{section.3.1}% 12
\BOOKMARK [2][-]{subsection.3.1.2}{VK\040Music}{section.3.1}% 13
\BOOKMARK [2][-]{subsection.3.1.3}{SoundCloud}{section.3.1}% 14
\BOOKMARK [2][-]{subsection.3.1.4}{Bandcamp}{section.3.1}% 15
\BOOKMARK [1][-]{section.3.2}{Forums,\040Blogs,\040and\040Other\040Music\040Media}{chapter.3}% 16
\BOOKMARK [2][-]{subsection.3.2.1}{Rate\040Your\040Music}{section.3.2}% 17
\BOOKMARK [2][-]{subsection.3.2.2}{last.fm}{section.3.2}% 18
\BOOKMARK [1][-]{section.3.3}{General-Purpose\040Platforms}{chapter.3}% 19
\BOOKMARK [0][-]{chapter.4}{Specification}{}% 20
\BOOKMARK [1][-]{section.4.1}{Important\040Terms}{chapter.4}% 21
\BOOKMARK [1][-]{section.4.2}{Use\040Cases}{chapter.4}% 22
\BOOKMARK [1][-]{section.4.3}{Functional\040Requirements}{chapter.4}% 23
\BOOKMARK [1][-]{section.4.4}{Non-functional\040Requirements}{chapter.4}% 24
\BOOKMARK [0][-]{chapter.5}{Implementation\040Planning}{}% 25
\BOOKMARK [1][-]{section.5.1}{Audio\040Processing\040and\040Playback}{chapter.5}% 26
\BOOKMARK [1][-]{section.5.2}{Authentication}{chapter.5}% 27
\BOOKMARK [1][-]{section.5.3}{Server-Client\040Communication}{chapter.5}% 28
\BOOKMARK [1][-]{section.5.4}{Backend}{chapter.5}% 29
\BOOKMARK [2][-]{subsection.5.4.1}{Language}{section.5.4}% 30
\BOOKMARK [2][-]{subsection.5.4.2}{Python\040Framework\040Comparison}{section.5.4}% 31
\BOOKMARK [2][-]{subsection.5.4.3}{Database}{section.5.4}% 32
\BOOKMARK [1][-]{section.5.5}{Frontend}{chapter.5}% 33
\BOOKMARK [2][-]{subsection.5.5.1}{Application\040Type}{section.5.5}% 34
\BOOKMARK [2][-]{subsection.5.5.2}{Language}{section.5.5}% 35
\BOOKMARK [2][-]{subsection.5.5.3}{Framework}{section.5.5}% 36
\BOOKMARK [1][-]{section.5.6}{Summary}{chapter.5}% 37
\BOOKMARK [0][-]{chapter.6}{Implementation}{}% 38
\BOOKMARK [1][-]{section.6.1}{Stack}{chapter.6}% 39
\BOOKMARK [1][-]{section.6.2}{Audio\040Processing\040and\040Streaming}{chapter.6}% 40
\BOOKMARK [2][-]{subsection.6.2.1}{Streaming\040Protocols}{section.6.2}% 41
\BOOKMARK [2][-]{subsection.6.2.2}{Packaging}{section.6.2}% 42
\BOOKMARK [2][-]{subsection.6.2.3}{Processing\040Tools}{section.6.2}% 43
\BOOKMARK [2][-]{subsection.6.2.4}{Transcoding}{section.6.2}% 44
\BOOKMARK [2][-]{subsection.6.2.5}{Audio\040Preprocessing}{section.6.2}% 45
\BOOKMARK [2][-]{subsection.6.2.6}{Backend\040Pipeline}{section.6.2}% 46
\BOOKMARK [2][-]{subsection.6.2.7}{Frontend\040Playback}{section.6.2}% 47
\BOOKMARK [1][-]{section.6.3}{WebSocket\040Communication}{chapter.6}% 48
\BOOKMARK [2][-]{subsection.6.3.1}{Backend\040Handling}{section.6.3}% 49
\BOOKMARK [2][-]{subsection.6.3.2}{Frontend\040Handling}{section.6.3}% 50
\BOOKMARK [1][-]{section.6.4}{User\040Management}{chapter.6}% 51
\BOOKMARK [2][-]{subsection.6.4.1}{User\040Data\040Model}{section.6.4}% 52
\BOOKMARK [2][-]{subsection.6.4.2}{Backend}{section.6.4}% 53
\BOOKMARK [2][-]{subsection.6.4.3}{Frontend}{section.6.4}% 54
\BOOKMARK [1][-]{section.6.5}{Account\040Creation\040and\040Authentication}{chapter.6}% 55
\BOOKMARK [2][-]{subsection.6.5.1}{Backend}{section.6.5}% 56
\BOOKMARK [2][-]{subsection.6.5.2}{Frontend}{section.6.5}% 57
\BOOKMARK [1][-]{section.6.6}{Playback\040Items}{chapter.6}% 58
\BOOKMARK [2][-]{subsection.6.6.1}{Data\040Model}{section.6.6}% 59
\BOOKMARK [2][-]{subsection.6.6.2}{Backend}{section.6.6}% 60
\BOOKMARK [2][-]{subsection.6.6.3}{Frontend}{section.6.6}% 61
\BOOKMARK [1][-]{section.6.7}{Audio\040Upload/Album\040Creation}{chapter.6}% 62
\BOOKMARK [2][-]{subsection.6.7.1}{Submit}{section.6.7}% 63
\BOOKMARK [2][-]{subsection.6.7.2}{Process}{section.6.7}% 64
\BOOKMARK [2][-]{subsection.6.7.3}{Persist\040and\040notify}{section.6.7}% 65
\BOOKMARK [2][-]{subsection.6.7.4}{Frontend\040State\040Updates}{section.6.7}% 66
\BOOKMARK [1][-]{section.6.8}{Song\040Queue}{chapter.6}% 67
\BOOKMARK [2][-]{subsection.6.8.1}{Data\040structure}{section.6.8}% 68
\BOOKMARK [2][-]{subsection.6.8.2}{Queue\040and\040PlaybackContext}{section.6.8}% 69
\BOOKMARK [2][-]{subsection.6.8.3}{QueueSource\040and\040lazy\040filling}{section.6.8}% 70
\BOOKMARK [1][-]{section.6.9}{Playback\040and\040Device\040Handling}{chapter.6}% 71
\BOOKMARK [2][-]{subsection.6.9.1}{Shared\040state\040and\040version\040counter}{section.6.9}% 72
\BOOKMARK [2][-]{subsection.6.9.2}{Active\040versus\040passive\040clients}{section.6.9}% 73
\BOOKMARK [2][-]{subsection.6.9.3}{Device\040activation}{section.6.9}% 74
\BOOKMARK [2][-]{subsection.6.9.4}{Frontend\040controller\040class}{section.6.9}% 75
\BOOKMARK [1][-]{section.6.10}{Publications}{chapter.6}% 76
\BOOKMARK [1][-]{section.6.11}{Search}{chapter.6}% 77
\BOOKMARK [1][-]{section.6.12}{Notifications}{chapter.6}% 78
\BOOKMARK [1][-]{section.6.13}{Security}{chapter.6}% 79
\BOOKMARK [1][-]{section.6.14}{Deployment}{chapter.6}% 80
\BOOKMARK [0][-]{appendix.A}{Survey\040Questionnaire}{}% 81
\BOOKMARK [0][-]{appendix.B}{Audio\040Processing\040Pipeline\040Details}{}% 82
\BOOKMARK [1][-]{section.B.1}{Streaming\040Protocols}{appendix.B}% 83
\BOOKMARK [1][-]{section.B.2}{Packaging}{appendix.B}% 84
\BOOKMARK [1][-]{section.B.3}{Processing\040Tools}{appendix.B}% 85
\BOOKMARK [1][-]{section.B.4}{Transcoding}{appendix.B}% 86
\BOOKMARK [2][-]{subsection.B.4.1}{Why\040transcoding\040is\040needed}{section.B.4}% 87
\BOOKMARK [2][-]{subsection.B.4.2}{AAC\040encoder\040choice}{section.B.4}% 88
\BOOKMARK [2][-]{subsection.B.4.3}{Bitrate\040strategy:\040CBR\040versus\040VBR}{section.B.4}% 89
\BOOKMARK [2][-]{subsection.B.4.4}{Generation\040loss\040for\040lossy\040sources}{section.B.4}% 90
\BOOKMARK [1][-]{section.B.5}{Audio\040Preprocessing}{appendix.B}% 91
\BOOKMARK [2][-]{subsection.B.5.1}{Input\040validation\040limits}{section.B.5}% 92
\BOOKMARK [2][-]{subsection.B.5.2}{FFprobe\040invocation}{section.B.5}% 93
\BOOKMARK [2][-]{subsection.B.5.3}{Tier\040selection}{section.B.5}% 94
\BOOKMARK [2][-]{subsection.B.5.4}{Channel\040normalization}{section.B.5}% 95
\BOOKMARK [2][-]{subsection.B.5.5}{Sample\040rate\040normalization}{section.B.5}% 96
\BOOKMARK [2][-]{subsection.B.5.6}{Bit\040depth\040conversion}{section.B.5}% 97
\BOOKMARK [2][-]{subsection.B.5.7}{Loudness\040theory}{section.B.5}% 98
\BOOKMARK [2][-]{subsection.B.5.8}{Why\040loudness\040is\040measured\040after\040Transcoding}{section.B.5}% 99
\BOOKMARK [1][-]{section.B.6}{Pipeline\040invocations}{appendix.B}% 100
\BOOKMARK [2][-]{subsection.B.6.1}{FFmpeg\040transcoding\040flags}{section.B.6}% 101
\BOOKMARK [2][-]{subsection.B.6.2}{Shaka\040Packager\040flags}{section.B.6}% 102
\BOOKMARK [2][-]{subsection.B.6.3}{ebur128\040loudness\040measurement\040flags}{section.B.6}% 103
\BOOKMARK [0][-]{appendix.C}{Diagram\040Catalog}{}% 104
\BOOKMARK [1][-]{section.C.1}{Use\040Case\040Diagrams}{appendix.C}% 105
\BOOKMARK [1][-]{section.C.2}{Frontend\040Component\040Hierarchies}{appendix.C}% 106
\BOOKMARK [1][-]{section.C.3}{Behavior\040Diagrams}{appendix.C}% 107
\BOOKMARK [1][-]{section.C.4}{Survey\040Charts}{appendix.C}% 108
\BOOKMARK [0][-]{appendix*.37}{Bibliography}{}% 109
